::ffff:127.0.0.1 - - [31/Aug/2021:06:10:40 +0000] "GET /api/edu/files/get?module_id=50&module_name=%E8%AF%BE%E7%A8%8B&curPage=1 HTTP/1.1" 200 619 "http://119.3.190.1:8383/" "Mozilla/5.0 (Windows NT 6.1; Win64; x64) AppleWebKit/537.36 (KHTML, like Gecko) Chrome/92.0.4515.159 Safari/537.36 Edg/92.0.902.84"
::ffff:127.0.0.1 - - [31/Aug/2021:06:10:44 +0000] "GET /api/edu/files/get?module_id=51&module_name=%E8%AF%BE%E7%A8%8B&curPage=1 HTTP/1.1" 200 2266 "http://119.3.190.1:8383/" "Mozilla/5.0 (Windows NT 6.1; Win64; x64) AppleWebKit/537.36 (KHTML, like Gecko) Chrome/92.0.4515.159 Safari/537.36 Edg/92.0.902.84"
::ffff:127.0.0.1 - - [31/Aug/2021:06:10:47 +0000] "POST /api/edu/files/del HTTP/1.1" 200 34 "http://119.3.190.1:8383/" "Mozilla/5.0 (Windows NT 6.1; Win64; x64) AppleWebKit/537.36 (KHTML, like Gecko) Chrome/92.0.4515.159 Safari/537.36 Edg/92.0.902.84"
::ffff:127.0.0.1 - - [31/Aug/2021:06:10:47 +0000] "GET /api/edu/files/get?module_id=51&module_name=%E8%AF%BE%E7%A8%8B&curPage=1 HTTP/1.1" 200 1989 "http://119.3.190.1:8383/" "Mozilla/5.0 (Windows NT 6.1; Win64; x64) AppleWebKit/537.36 (KHTML, like Gecko) Chrome/92.0.4515.159 Safari/537.36 Edg/92.0.902.84"
::ffff:127.0.0.1 - - [31/Aug/2021:06:10:50 +0000] "GET /api/edu/files/get?module_id=52&module_name=%E8%AF%BE%E7%A8%8B&curPage=1 HTTP/1.1" 200 903 "http://119.3.190.1:8383/" "Mozilla/5.0 (Windows NT 6.1; Win64; x64) AppleWebKit/537.36 (KHTML, like Gecko) Chrome/92.0.4515.159 Safari/537.36 Edg/92.0.902.84"
::ffff:127.0.0.1 - - [31/Aug/2021:06:10:53 +0000] "GET /api/edu/files/get?module_id=50&module_name=%E8%AF%BE%E7%A8%8B&curPage=1 HTTP/1.1" 200 619 "http://119.3.190.1:8383/" "Mozilla/5.0 (Windows NT 6.1; Win64; x64) AppleWebKit/537.36 (KHTML, like Gecko) Chrome/92.0.4515.159 Safari/537.36 Edg/92.0.902.84"
::ffff:39.155.211.209 - - [31/Aug/2021:06:11:12 +0000] "OPTIONS /api/edu/files/upload HTTP/1.1" 200 4 "http://119.3.190.1:8383/" "Mozilla/5.0 (Windows NT 6.1; Win64; x64) AppleWebKit/537.36 (KHTML, like Gecko) Chrome/92.0.4515.159 Safari/537.36 Edg/92.0.902.84"
::ffff:39.155.211.209 - - [31/Aug/2021:06:11:12 +0000] "POST /api/edu/files/upload HTTP/1.1" 200 273 "http://119.3.190.1:8383/" "Mozilla/5.0 (Windows NT 6.1; Win64; x64) AppleWebKit/537.36 (KHTML, like Gecko) Chrome/92.0.4515.159 Safari/537.36 Edg/92.0.902.84"
::ffff:127.0.0.1 - - [31/Aug/2021:06:11:12 +0000] "GET /api/edu/files/get?module_id=50&module_name=%E8%AF%BE%E7%A8%8B&curPage=1 HTTP/1.1" 200 896 "http://119.3.190.1:8383/" "Mozilla/5.0 (Windows NT 6.1; Win64; x64) AppleWebKit/537.36 (KHTML, like Gecko) Chrome/92.0.4515.159 Safari/537.36 Edg/92.0.902.84"
::ffff:127.0.0.1 - - [31/Aug/2021:06:11:20 +0000] "GET /api/edu/files/get?module_id=51&module_name=%E8%AF%BE%E7%A8%8B&curPage=1 HTTP/1.1" 200 1989 "http://119.3.190.1:8383/" "Mozilla/5.0 (Windows NT 6.1; Win64; x64) AppleWebKit/537.36 (KHTML, like Gecko) Chrome/92.0.4515.159 Safari/537.36 Edg/92.0.902.84"
::ffff:39.155.211.209 - - [31/Aug/2021:06:12:04 +0000] "OPTIONS /api/edu/files/upload HTTP/1.1" 200 4 "http://119.3.190.1:8383/" "Mozilla/5.0 (Windows NT 6.1; Win64; x64) AppleWebKit/537.36 (KHTML, like Gecko) Chrome/92.0.4515.159 Safari/537.36 Edg/92.0.902.84"
::ffff:39.155.211.209 - - [31/Aug/2021:06:12:04 +0000] "POST /api/edu/files/upload HTTP/1.1" 200 273 "http://119.3.190.1:8383/" "Mozilla/5.0 (Windows NT 6.1; Win64; x64) AppleWebKit/537.36 (KHTML, like Gecko) Chrome/92.0.4515.159 Safari/537.36 Edg/92.0.902.84"
::ffff:127.0.0.1 - - [31/Aug/2021:06:12:04 +0000] "GET /api/edu/files/get?module_id=51&module_name=%E8%AF%BE%E7%A8%8B&curPage=1 HTTP/1.1" 200 2266 "http://119.3.190.1:8383/" "Mozilla/5.0 (Windows NT 6.1; Win64; x64) AppleWebKit/537.36 (KHTML, like Gecko) Chrome/92.0.4515.159 Safari/537.36 Edg/92.0.902.84"
::ffff:127.0.0.1 - - [31/Aug/2021:06:12:09 +0000] "GET /api/edu/files/get?module_id=51&module_name=%E8%AF%BE%E7%A8%8B&curPage=1 HTTP/1.1" 200 2266 "http://119.3.190.1:8383/" "Mozilla/5.0 (Windows NT 6.1; Win64; x64) AppleWebKit/537.36 (KHTML, like Gecko) Chrome/92.0.4515.159 Safari/537.36 Edg/92.0.902.84"
::ffff:127.0.0.1 - - [31/Aug/2021:06:12:18 +0000] "GET /api/edu/files/get?module_id=50&module_name=%E8%AF%BE%E7%A8%8B&curPage=1 HTTP/1.1" 200 896 "http://119.3.190.1:8383/" "Mozilla/5.0 (Windows NT 6.1; Win64; x64) AppleWebKit/537.36 (KHTML, like Gecko) Chrome/92.0.4515.159 Safari/537.36 Edg/92.0.902.84"
::ffff:127.0.0.1 - - [31/Aug/2021:06:12:23 +0000] "GET /api/edu/files/get?module_id=52&module_name=%E8%AF%BE%E7%A8%8B&curPage=1 HTTP/1.1" 200 903 "http://119.3.190.1:8383/" "Mozilla/5.0 (Windows NT 6.1; Win64; x64) AppleWebKit/537.36 (KHTML, like Gecko) Chrome/92.0.4515.159 Safari/537.36 Edg/92.0.902.84"
::ffff:39.155.211.209 - - [31/Aug/2021:06:12:32 +0000] "OPTIONS /api/edu/files/upload HTTP/1.1" 200 4 "http://119.3.190.1:8383/" "Mozilla/5.0 (Windows NT 6.1; Win64; x64) AppleWebKit/537.36 (KHTML, like Gecko) Chrome/92.0.4515.159 Safari/537.36 Edg/92.0.902.84"
::ffff:39.155.211.209 - - [31/Aug/2021:06:12:32 +0000] "POST /api/edu/files/upload HTTP/1.1" 200 273 "http://119.3.190.1:8383/" "Mozilla/5.0 (Windows NT 6.1; Win64; x64) AppleWebKit/537.36 (KHTML, like Gecko) Chrome/92.0.4515.159 Safari/537.36 Edg/92.0.902.84"
::ffff:127.0.0.1 - - [31/Aug/2021:06:12:32 +0000] "GET /api/edu/files/get?module_id=52&module_name=%E8%AF%BE%E7%A8%8B&curPage=1 HTTP/1.1" 200 1180 "http://119.3.190.1:8383/" "Mozilla/5.0 (Windows NT 6.1; Win64; x64) AppleWebKit/537.36 (KHTML, like Gecko) Chrome/92.0.4515.159 Safari/537.36 Edg/92.0.902.84"
::ffff:127.0.0.1 - - [31/Aug/2021:06:13:24 +0000] "GET /api/edu/course/get?curPage=5 HTTP/1.1" 200 3861 "http://119.3.190.1:8383/" "Mozilla/5.0 (Windows NT 6.1; Win64; x64) AppleWebKit/537.36 (KHTML, like Gecko) Chrome/92.0.4515.159 Safari/537.36 Edg/92.0.902.84"
::ffff:127.0.0.1 - - [31/Aug/2021:06:13:27 +0000] "GET /api/edu/files/get?module_id=57&module_name=%E8%AF%BE%E7%A8%8B&curPage=1 HTTP/1.1" 200 619 "http://119.3.190.1:8383/" "Mozilla/5.0 (Windows NT 6.1; Win64; x64) AppleWebKit/537.36 (KHTML, like Gecko) Chrome/92.0.4515.159 Safari/537.36 Edg/92.0.902.84"
::ffff:39.155.211.209 - - [31/Aug/2021:06:13:42 +0000] "OPTIONS /api/edu/files/upload HTTP/1.1" 200 4 "http://119.3.190.1:8383/" "Mozilla/5.0 (Windows NT 6.1; Win64; x64) AppleWebKit/537.36 (KHTML, like Gecko) Chrome/92.0.4515.159 Safari/537.36 Edg/92.0.902.84"
::ffff:39.155.211.209 - - [31/Aug/2021:06:13:42 +0000] "POST /api/edu/files/upload HTTP/1.1" 200 273 "http://119.3.190.1:8383/" "Mozilla/5.0 (Windows NT 6.1; Win64; x64) AppleWebKit/537.36 (KHTML, like Gecko) Chrome/92.0.4515.159 Safari/537.36 Edg/92.0.902.84"
::ffff:127.0.0.1 - - [31/Aug/2021:06:13:42 +0000] "GET /api/edu/files/get?module_id=57&module_name=%E8%AF%BE%E7%A8%8B&curPage=1 HTTP/1.1" 200 896 "http://119.3.190.1:8383/" "Mozilla/5.0 (Windows NT 6.1; Win64; x64) AppleWebKit/537.36 (KHTML, like Gecko) Chrome/92.0.4515.159 Safari/537.36 Edg/92.0.902.84"
::ffff:127.0.0.1 - - [31/Aug/2021:06:13:54 +0000] "GET /api/edu/files/get?module_id=61&module_name=%E8%AF%BE%E7%A8%8B&curPage=1 HTTP/1.1" 200 619 "http://119.3.190.1:8383/" "Mozilla/5.0 (Windows NT 6.1; Win64; x64) AppleWebKit/537.36 (KHTML, like Gecko) Chrome/92.0.4515.159 Safari/537.36 Edg/92.0.902.84"
::ffff:39.155.211.209 - - [31/Aug/2021:06:14:05 +0000] "OPTIONS /api/edu/files/upload HTTP/1.1" 200 4 "http://119.3.190.1:8383/" "Mozilla/5.0 (Windows NT 6.1; Win64; x64) AppleWebKit/537.36 (KHTML, like Gecko) Chrome/92.0.4515.159 Safari/537.36 Edg/92.0.902.84"
::ffff:39.155.211.209 - - [31/Aug/2021:06:14:05 +0000] "POST /api/edu/files/upload HTTP/1.1" 200 273 "http://119.3.190.1:8383/" "Mozilla/5.0 (Windows NT 6.1; Win64; x64) AppleWebKit/537.36 (KHTML, like Gecko) Chrome/92.0.4515.159 Safari/537.36 Edg/92.0.902.84"
::ffff:127.0.0.1 - - [31/Aug/2021:06:14:05 +0000] "GET /api/edu/files/get?module_id=61&module_name=%E8%AF%BE%E7%A8%8B&curPage=1 HTTP/1.1" 200 896 "http://119.3.190.1:8383/" "Mozilla/5.0 (Windows NT 6.1; Win64; x64) AppleWebKit/537.36 (KHTML, like Gecko) Chrome/92.0.4515.159 Safari/537.36 Edg/92.0.902.84"
::ffff:127.0.0.1 - - [31/Aug/2021:06:22:01 +0000] "GET /api/edu/files/get?module_id=61&module_name=%E8%AF%BE%E7%A8%8B&curPage=1 HTTP/1.1" 200 896 "http://119.3.190.1:8383/" "Mozilla/5.0 (Windows NT 6.1; Win64; x64) AppleWebKit/537.36 (KHTML, like Gecko) Chrome/92.0.4515.159 Safari/537.36 Edg/92.0.902.84"
::ffff:127.0.0.1 - - [31/Aug/2021:06:22:20 +0000] "GET /api/edu/course/get?curPage=4 HTTP/1.1" 200 4408 "http://119.3.190.1:8383/" "Mozilla/5.0 (Windows NT 6.1; Win64; x64) AppleWebKit/537.36 (KHTML, like Gecko) Chrome/92.0.4515.159 Safari/537.36 Edg/92.0.902.84"
::ffff:127.0.0.1 - - [31/Aug/2021:06:22:22 +0000] "GET /api/edu/files/get?module_id=53&module_name=%E8%AF%BE%E7%A8%8B&curPage=1 HTTP/1.1" 200 346 "http://119.3.190.1:8383/" "Mozilla/5.0 (Windows NT 6.1; Win64; x64) AppleWebKit/537.36 (KHTML, like Gecko) Chrome/92.0.4515.159 Safari/537.36 Edg/92.0.902.84"
::ffff:127.0.0.1 - - [31/Aug/2021:06:22:59 +0000] "GET /api/edu/files/get?module_id=53&module_name=%E8%AF%BE%E7%A8%8B&curPage=1 HTTP/1.1" 200 346 "http://119.3.190.1:8383/" "Mozilla/5.0 (Windows NT 6.1; Win64; x64) AppleWebKit/537.36 (KHTML, like Gecko) Chrome/92.0.4515.159 Safari/537.36 Edg/92.0.902.84"
::ffff:39.155.211.209 - - [31/Aug/2021:06:23:19 +0000] "OPTIONS /api/edu/files/upload HTTP/1.1" 200 4 "http://119.3.190.1:8383/" "Mozilla/5.0 (Windows NT 6.1; Win64; x64) AppleWebKit/537.36 (KHTML, like Gecko) Chrome/92.0.4515.159 Safari/537.36 Edg/92.0.902.84"
::ffff:39.155.211.209 - - [31/Aug/2021:06:23:19 +0000] "POST /api/edu/files/upload HTTP/1.1" 200 267 "http://119.3.190.1:8383/" "Mozilla/5.0 (Windows NT 6.1; Win64; x64) AppleWebKit/537.36 (KHTML, like Gecko) Chrome/92.0.4515.159 Safari/537.36 Edg/92.0.902.84"
::ffff:127.0.0.1 - - [31/Aug/2021:06:23:20 +0000] "GET /api/edu/files/get?module_id=53&module_name=%E8%AF%BE%E7%A8%8B&curPage=1 HTTP/1.1" 200 619 "http://119.3.190.1:8383/" "Mozilla/5.0 (Windows NT 6.1; Win64; x64) AppleWebKit/537.36 (KHTML, like Gecko) Chrome/92.0.4515.159 Safari/537.36 Edg/92.0.902.84"
::ffff:127.0.0.1 - - [31/Aug/2021:06:24:25 +0000] "GET /api/edu/files/get?module_id=53&module_name=%E8%AF%BE%E7%A8%8B&curPage=1 HTTP/1.1" 200 619 "http://119.3.190.1:8383/" "Mozilla/5.0 (Windows NT 6.1; Win64; x64) AppleWebKit/537.36 (KHTML, like Gecko) Chrome/92.0.4515.159 Safari/537.36 Edg/92.0.902.84"
::ffff:39.155.211.209 - - [31/Aug/2021:06:24:44 +0000] "OPTIONS /api/edu/files/upload HTTP/1.1" 200 4 "http://119.3.190.1:8383/" "Mozilla/5.0 (Windows NT 6.1; Win64; x64) AppleWebKit/537.36 (KHTML, like Gecko) Chrome/92.0.4515.159 Safari/537.36 Edg/92.0.902.84"
::ffff:39.155.211.209 - - [31/Aug/2021:06:24:44 +0000] "POST /api/edu/files/upload HTTP/1.1" 200 273 "http://119.3.190.1:8383/" "Mozilla/5.0 (Windows NT 6.1; Win64; x64) AppleWebKit/537.36 (KHTML, like Gecko) Chrome/92.0.4515.159 Safari/537.36 Edg/92.0.902.84"
::ffff:127.0.0.1 - - [31/Aug/2021:06:24:44 +0000] "GET /api/edu/files/get?module_id=53&module_name=%E8%AF%BE%E7%A8%8B&curPage=1 HTTP/1.1" 200 896 "http://119.3.190.1:8383/" "Mozilla/5.0 (Windows NT 6.1; Win64; x64) AppleWebKit/537.36 (KHTML, like Gecko) Chrome/92.0.4515.159 Safari/537.36 Edg/92.0.902.84"
::ffff:127.0.0.1 - - [31/Aug/2021:06:24:59 +0000] "GET /api/edu/files/get?module_id=50&module_name=%E8%AF%BE%E7%A8%8B&curPage=1 HTTP/1.1" 200 896 "http://119.3.190.1:8383/" "Mozilla/5.0 (Windows NT 6.1; Win64; x64) AppleWebKit/537.36 (KHTML, like Gecko) Chrome/92.0.4515.159 Safari/537.36 Edg/92.0.902.84"
::ffff:127.0.0.1 - - [31/Aug/2021:06:25:03 +0000] "GET /api/edu/files/get?module_id=51&module_name=%E8%AF%BE%E7%A8%8B&curPage=1 HTTP/1.1" 200 2266 "http://119.3.190.1:8383/" "Mozilla/5.0 (Windows NT 6.1; Win64; x64) AppleWebKit/537.36 (KHTML, like Gecko) Chrome/92.0.4515.159 Safari/537.36 Edg/92.0.902.84"
::ffff:127.0.0.1 - - [31/Aug/2021:06:25:05 +0000] "GET /api/edu/files/get?module_id=52&module_name=%E8%AF%BE%E7%A8%8B&curPage=1 HTTP/1.1" 200 1180 "http://119.3.190.1:8383/" "Mozilla/5.0 (Windows NT 6.1; Win64; x64) AppleWebKit/537.36 (KHTML, like Gecko) Chrome/92.0.4515.159 Safari/537.36 Edg/92.0.902.84"
::ffff:127.0.0.1 - - [31/Aug/2021:06:25:08 +0000] "GET /api/edu/course/get?curPage=5 HTTP/1.1" 200 3861 "http://119.3.190.1:8383/" "Mozilla/5.0 (Windows NT 6.1; Win64; x64) AppleWebKit/537.36 (KHTML, like Gecko) Chrome/92.0.4515.159 Safari/537.36 Edg/92.0.902.84"
::ffff:127.0.0.1 - - [31/Aug/2021:06:25:11 +0000] "GET /api/edu/files/get?module_id=57&module_name=%E8%AF%BE%E7%A8%8B&curPage=1 HTTP/1.1" 200 896 "http://119.3.190.1:8383/" "Mozilla/5.0 (Windows NT 6.1; Win64; x64) AppleWebKit/537.36 (KHTML, like Gecko) Chrome/92.0.4515.159 Safari/537.36 Edg/92.0.902.84"
::ffff:127.0.0.1 - - [31/Aug/2021:06:25:13 +0000] "GET /api/edu/files/get?module_id=61&module_name=%E8%AF%BE%E7%A8%8B&curPage=1 HTTP/1.1" 200 896 "http://119.3.190.1:8383/" "Mozilla/5.0 (Windows NT 6.1; Win64; x64) AppleWebKit/537.36 (KHTML, like Gecko) Chrome/92.0.4515.159 Safari/537.36 Edg/92.0.902.84"
::ffff:127.0.0.1 - - [31/Aug/2021:06:25:27 +0000] "GET /api/edu/course/get?curPage=4 HTTP/1.1" 200 4408 "http://119.3.190.1:8383/" "Mozilla/5.0 (Windows NT 6.1; Win64; x64) AppleWebKit/537.36 (KHTML, like Gecko) Chrome/92.0.4515.159 Safari/537.36 Edg/92.0.902.84"
::ffff:127.0.0.1 - - [31/Aug/2021:06:25:29 +0000] "GET /api/edu/files/get?module_id=53&module_name=%E8%AF%BE%E7%A8%8B&curPage=1 HTTP/1.1" 200 896 "http://119.3.190.1:8383/" "Mozilla/5.0 (Windows NT 6.1; Win64; x64) AppleWebKit/537.36 (KHTML, like Gecko) Chrome/92.0.4515.159 Safari/537.36 Edg/92.0.902.84"
::ffff:127.0.0.1 - - [31/Aug/2021:06:25:35 +0000] "GET /api/edu/files/get?module_id=54&module_name=%E8%AF%BE%E7%A8%8B&curPage=1 HTTP/1.1" 200 346 "http://119.3.190.1:8383/" "Mozilla/5.0 (Windows NT 6.1; Win64; x64) AppleWebKit/537.36 (KHTML, like Gecko) Chrome/92.0.4515.159 Safari/537.36 Edg/92.0.902.84"
::ffff:39.155.211.209 - - [31/Aug/2021:06:25:50 +0000] "OPTIONS /api/edu/files/upload HTTP/1.1" 200 4 "http://119.3.190.1:8383/" "Mozilla/5.0 (Windows NT 6.1; Win64; x64) AppleWebKit/537.36 (KHTML, like Gecko) Chrome/92.0.4515.159 Safari/537.36 Edg/92.0.902.84"
::ffff:39.155.211.209 - - [31/Aug/2021:06:25:50 +0000] "POST /api/edu/files/upload HTTP/1.1" 200 273 "http://119.3.190.1:8383/" "Mozilla/5.0 (Windows NT 6.1; Win64; x64) AppleWebKit/537.36 (KHTML, like Gecko) Chrome/92.0.4515.159 Safari/537.36 Edg/92.0.902.84"
::ffff:127.0.0.1 - - [31/Aug/2021:06:25:50 +0000] "GET /api/edu/files/get?module_id=54&module_name=%E8%AF%BE%E7%A8%8B&curPage=1 HTTP/1.1" 200 623 "http://119.3.190.1:8383/" "Mozilla/5.0 (Windows NT 6.1; Win64; x64) AppleWebKit/537.36 (KHTML, like Gecko) Chrome/92.0.4515.159 Safari/537.36 Edg/92.0.902.84"
::ffff:127.0.0.1 - - [31/Aug/2021:06:25:56 +0000] "GET /api/edu/files/get?module_id=55&module_name=%E8%AF%BE%E7%A8%8B&curPage=1 HTTP/1.1" 200 346 "http://119.3.190.1:8383/" "Mozilla/5.0 (Windows NT 6.1; Win64; x64) AppleWebKit/537.36 (KHTML, like Gecko) Chrome/92.0.4515.159 Safari/537.36 Edg/92.0.902.84"
::ffff:39.155.211.209 - - [31/Aug/2021:06:26:04 +0000] "OPTIONS /api/edu/files/upload HTTP/1.1" 200 4 "http://119.3.190.1:8383/" "Mozilla/5.0 (Windows NT 6.1; Win64; x64) AppleWebKit/537.36 (KHTML, like Gecko) Chrome/92.0.4515.159 Safari/537.36 Edg/92.0.902.84"
::ffff:39.155.211.209 - - [31/Aug/2021:06:26:05 +0000] "POST /api/edu/files/upload HTTP/1.1" 200 273 "http://119.3.190.1:8383/" "Mozilla/5.0 (Windows NT 6.1; Win64; x64) AppleWebKit/537.36 (KHTML, like Gecko) Chrome/92.0.4515.159 Safari/537.36 Edg/92.0.902.84"
::ffff:127.0.0.1 - - [31/Aug/2021:06:26:05 +0000] "GET /api/edu/files/get?module_id=55&module_name=%E8%AF%BE%E7%A8%8B&curPage=1 HTTP/1.1" 200 623 "http://119.3.190.1:8383/" "Mozilla/5.0 (Windows NT 6.1; Win64; x64) AppleWebKit/537.36 (KHTML, like Gecko) Chrome/92.0.4515.159 Safari/537.36 Edg/92.0.902.84"
::ffff:127.0.0.1 - - [31/Aug/2021:06:26:13 +0000] "GET /api/edu/course/get?curPage=5 HTTP/1.1" 200 3861 "http://119.3.190.1:8383/" "Mozilla/5.0 (Windows NT 6.1; Win64; x64) AppleWebKit/537.36 (KHTML, like Gecko) Chrome/92.0.4515.159 Safari/537.36 Edg/92.0.902.84"
::ffff:127.0.0.1 - - [31/Aug/2021:06:26:14 +0000] "GET /api/edu/files/get?module_id=56&module_name=%E8%AF%BE%E7%A8%8B&curPage=1 HTTP/1.1" 200 346 "http://119.3.190.1:8383/" "Mozilla/5.0 (Windows NT 6.1; Win64; x64) AppleWebKit/537.36 (KHTML, like Gecko) Chrome/92.0.4515.159 Safari/537.36 Edg/92.0.902.84"
::ffff:39.155.211.209 - - [31/Aug/2021:06:26:27 +0000] "OPTIONS /api/edu/files/upload HTTP/1.1" 200 4 "http://119.3.190.1:8383/" "Mozilla/5.0 (Windows NT 6.1; Win64; x64) AppleWebKit/537.36 (KHTML, like Gecko) Chrome/92.0.4515.159 Safari/537.36 Edg/92.0.902.84"
::ffff:39.155.211.209 - - [31/Aug/2021:06:26:27 +0000] "POST /api/edu/files/upload HTTP/1.1" 200 273 "http://119.3.190.1:8383/" "Mozilla/5.0 (Windows NT 6.1; Win64; x64) AppleWebKit/537.36 (KHTML, like Gecko) Chrome/92.0.4515.159 Safari/537.36 Edg/92.0.902.84"
::ffff:127.0.0.1 - - [31/Aug/2021:06:26:28 +0000] "GET /api/edu/files/get?module_id=56&module_name=%E8%AF%BE%E7%A8%8B&curPage=1 HTTP/1.1" 200 623 "http://119.3.190.1:8383/" "Mozilla/5.0 (Windows NT 6.1; Win64; x64) AppleWebKit/537.36 (KHTML, like Gecko) Chrome/92.0.4515.159 Safari/537.36 Edg/92.0.902.84"
::ffff:127.0.0.1 - - [31/Aug/2021:06:26:49 +0000] "GET /api/edu/files/get?module_id=60&module_name=%E8%AF%BE%E7%A8%8B&curPage=1 HTTP/1.1" 200 346 "http://119.3.190.1:8383/" "Mozilla/5.0 (Windows NT 6.1; Win64; x64) AppleWebKit/537.36 (KHTML, like Gecko) Chrome/92.0.4515.159 Safari/537.36 Edg/92.0.902.84"
::ffff:39.155.211.209 - - [31/Aug/2021:06:27:01 +0000] "OPTIONS /api/edu/files/upload HTTP/1.1" 200 4 "http://119.3.190.1:8383/" "Mozilla/5.0 (Windows NT 6.1; Win64; x64) AppleWebKit/537.36 (KHTML, like Gecko) Chrome/92.0.4515.159 Safari/537.36 Edg/92.0.902.84"
::ffff:39.155.211.209 - - [31/Aug/2021:06:27:01 +0000] "POST /api/edu/files/upload HTTP/1.1" 200 273 "http://119.3.190.1:8383/" "Mozilla/5.0 (Windows NT 6.1; Win64; x64) AppleWebKit/537.36 (KHTML, like Gecko) Chrome/92.0.4515.159 Safari/537.36 Edg/92.0.902.84"
::ffff:127.0.0.1 - - [31/Aug/2021:06:27:01 +0000] "GET /api/edu/files/get?module_id=60&module_name=%E8%AF%BE%E7%A8%8B&curPage=1 HTTP/1.1" 200 623 "http://119.3.190.1:8383/" "Mozilla/5.0 (Windows NT 6.1; Win64; x64) AppleWebKit/537.36 (KHTML, like Gecko) Chrome/92.0.4515.159 Safari/537.36 Edg/92.0.902.84"
::ffff:127.0.0.1 - - [31/Aug/2021:06:27:17 +0000] "GET /api/edu/course/get?curPage=4 HTTP/1.1" 200 4408 "http://119.3.190.1:8383/" "Mozilla/5.0 (Windows NT 6.1; Win64; x64) AppleWebKit/537.36 (KHTML, like Gecko) Chrome/92.0.4515.159 Safari/537.36 Edg/92.0.902.84"
::ffff:127.0.0.1 - - [31/Aug/2021:06:35:50 +0000] "GET /api/edu/files/get?module_id=55&module_name=%E8%AF%BE%E7%A8%8B&curPage=1 HTTP/1.1" 200 623 "http://119.3.190.1:8383/" "Mozilla/5.0 (Windows NT 6.1; Win64; x64) AppleWebKit/537.36 (KHTML, like Gecko) Chrome/92.0.4515.159 Safari/537.36 Edg/92.0.902.84"
::ffff:127.0.0.1 - - [31/Aug/2021:06:35:55 +0000] "GET /api/edu/course/get?curPage=5 HTTP/1.1" 200 3861 "http://119.3.190.1:8383/" "Mozilla/5.0 (Windows NT 6.1; Win64; x64) AppleWebKit/537.36 (KHTML, like Gecko) Chrome/92.0.4515.159 Safari/537.36 Edg/92.0.902.84"
::ffff:127.0.0.1 - - [31/Aug/2021:06:35:57 +0000] "GET /api/edu/files/get?module_id=56&module_name=%E8%AF%BE%E7%A8%8B&curPage=1 HTTP/1.1" 200 623 "http://119.3.190.1:8383/" "Mozilla/5.0 (Windows NT 6.1; Win64; x64) AppleWebKit/537.36 (KHTML, like Gecko) Chrome/92.0.4515.159 Safari/537.36 Edg/92.0.902.84"
::ffff:127.0.0.1 - - [31/Aug/2021:06:36:01 +0000] "GET /api/edu/files/get?module_id=60&module_name=%E8%AF%BE%E7%A8%8B&curPage=1 HTTP/1.1" 200 623 "http://119.3.190.1:8383/" "Mozilla/5.0 (Windows NT 6.1; Win64; x64) AppleWebKit/537.36 (KHTML, like Gecko) Chrome/92.0.4515.159 Safari/537.36 Edg/92.0.902.84"
::ffff:127.0.0.1 - - [31/Aug/2021:06:36:03 +0000] "GET /api/edu/course/get?curPage=4 HTTP/1.1" 200 4408 "http://119.3.190.1:8383/" "Mozilla/5.0 (Windows NT 6.1; Win64; x64) AppleWebKit/537.36 (KHTML, like Gecko) Chrome/92.0.4515.159 Safari/537.36 Edg/92.0.902.84"
::ffff:127.0.0.1 - - [31/Aug/2021:06:36:04 +0000] "GET /api/edu/teacher/getTeachersCourse?teacherId=23 HTTP/1.1" 200 1687 "http://119.3.190.1:8383/" "Mozilla/5.0 (Windows NT 10.0; WOW64) AppleWebKit/537.36 (KHTML, like Gecko) Chrome/80.0.3987.87 Safari/537.36 SE 2.X MetaSr 1.0"
::ffff:127.0.0.1 - - [31/Aug/2021:06:36:04 +0000] "GET /api/edu/class/get?curPage=1&viceTeacherId=23 HTTP/1.1" 200 32142 "http://119.3.190.1:8383/" "Mozilla/5.0 (Windows NT 10.0; WOW64) AppleWebKit/537.36 (KHTML, like Gecko) Chrome/80.0.3987.87 Safari/537.36 SE 2.X MetaSr 1.0"
::ffff:127.0.0.1 - - [31/Aug/2021:06:36:04 +0000] "GET /api/edu/teacher/checkCourseIsLogScore?teacherId=23&classId=23&relationId=90 HTTP/1.1" 200 45 "http://119.3.190.1:8383/" "Mozilla/5.0 (Windows NT 10.0; WOW64) AppleWebKit/537.36 (KHTML, like Gecko) Chrome/80.0.3987.87 Safari/537.36 SE 2.X MetaSr 1.0"
::ffff:127.0.0.1 - - [31/Aug/2021:06:36:04 +0000] "GET /api/edu/teacher/checkCourseIsLogScore?teacherId=23&classId=25&relationId=93 HTTP/1.1" 200 45 "http://119.3.190.1:8383/" "Mozilla/5.0 (Windows NT 10.0; WOW64) AppleWebKit/537.36 (KHTML, like Gecko) Chrome/80.0.3987.87 Safari/537.36 SE 2.X MetaSr 1.0"
::ffff:127.0.0.1 - - [31/Aug/2021:06:36:04 +0000] "GET /api/edu/teacher/checkCourseIsLogScore?teacherId=23&classId=23&relationId=91 HTTP/1.1" 200 45 "http://119.3.190.1:8383/" "Mozilla/5.0 (Windows NT 10.0; WOW64) AppleWebKit/537.36 (KHTML, like Gecko) Chrome/80.0.3987.87 Safari/537.36 SE 2.X MetaSr 1.0"
::ffff:127.0.0.1 - - [31/Aug/2021:06:36:04 +0000] "GET /api/edu/teacher/checkCourseIsLogScore?teacherId=23&classId=26&relationId=90 HTTP/1.1" 200 45 "http://119.3.190.1:8383/" "Mozilla/5.0 (Windows NT 10.0; WOW64) AppleWebKit/537.36 (KHTML, like Gecko) Chrome/80.0.3987.87 Safari/537.36 SE 2.X MetaSr 1.0"
::ffff:127.0.0.1 - - [31/Aug/2021:06:36:04 +0000] "GET /api/edu/teacher/checkCourseIsLogScore?teacherId=23&classId=25&relationId=94 HTTP/1.1" 200 45 "http://119.3.190.1:8383/" "Mozilla/5.0 (Windows NT 10.0; WOW64) AppleWebKit/537.36 (KHTML, like Gecko) Chrome/80.0.3987.87 Safari/537.36 SE 2.X MetaSr 1.0"
::ffff:127.0.0.1 - - [31/Aug/2021:06:36:04 +0000] "GET /api/edu/teacher/checkCourseIsLogScore?teacherId=23&classId=26&relationId=91 HTTP/1.1" 200 45 "http://119.3.190.1:8383/" "Mozilla/5.0 (Windows NT 10.0; WOW64) AppleWebKit/537.36 (KHTML, like Gecko) Chrome/80.0.3987.87 Safari/537.36 SE 2.X MetaSr 1.0"
::ffff:127.0.0.1 - - [31/Aug/2021:06:36:04 +0000] "GET /api/edu/teacher/checkCourseIsLogScore?teacherId=23&classId=34&relationId=90 HTTP/1.1" 200 46 "http://119.3.190.1:8383/" "Mozilla/5.0 (Windows NT 10.0; WOW64) AppleWebKit/537.36 (KHTML, like Gecko) Chrome/80.0.3987.87 Safari/537.36 SE 2.X MetaSr 1.0"
::ffff:127.0.0.1 - - [31/Aug/2021:06:36:04 +0000] "GET /api/edu/teacher/checkCourseIsLogScore?teacherId=23&classId=34&relationId=91 HTTP/1.1" 200 45 "http://119.3.190.1:8383/" "Mozilla/5.0 (Windows NT 10.0; WOW64) AppleWebKit/537.36 (KHTML, like Gecko) Chrome/80.0.3987.87 Safari/537.36 SE 2.X MetaSr 1.0"
::ffff:127.0.0.1 - - [31/Aug/2021:06:36:05 +0000] "GET /api/edu/teacher/checkCourseIsLogScore?teacherId=23&classId=42&relationId=90 HTTP/1.1" 200 46 "http://119.3.190.1:8383/" "Mozilla/5.0 (Windows NT 10.0; WOW64) AppleWebKit/537.36 (KHTML, like Gecko) Chrome/80.0.3987.87 Safari/537.36 SE 2.X MetaSr 1.0"
::ffff:127.0.0.1 - - [31/Aug/2021:06:36:05 +0000] "GET /api/edu/teacher/checkCourseIsLogScore?teacherId=23&classId=42&relationId=91 HTTP/1.1" 200 46 "http://119.3.190.1:8383/" "Mozilla/5.0 (Windows NT 10.0; WOW64) AppleWebKit/537.36 (KHTML, like Gecko) Chrome/80.0.3987.87 Safari/537.36 SE 2.X MetaSr 1.0"
::ffff:127.0.0.1 - - [31/Aug/2021:06:36:05 +0000] "GET /api/edu/teacher/checkCourseIsLogScore?teacherId=23&classId=50&relationId=93 HTTP/1.1" 200 46 "http://119.3.190.1:8383/" "Mozilla/5.0 (Windows NT 10.0; WOW64) AppleWebKit/537.36 (KHTML, like Gecko) Chrome/80.0.3987.87 Safari/537.36 SE 2.X MetaSr 1.0"
::ffff:127.0.0.1 - - [31/Aug/2021:06:36:05 +0000] "GET /api/edu/teacher/checkCourseIsLogScore?teacherId=23&classId=50&relationId=94 HTTP/1.1" 200 46 "http://119.3.190.1:8383/" "Mozilla/5.0 (Windows NT 10.0; WOW64) AppleWebKit/537.36 (KHTML, like Gecko) Chrome/80.0.3987.87 Safari/537.36 SE 2.X MetaSr 1.0"
::ffff:127.0.0.1 - - [31/Aug/2021:06:36:05 +0000] "GET /api/edu/teacher/checkCourseIsLogScore?teacherId=23&classId=51&relationId=90 HTTP/1.1" 200 46 "http://119.3.190.1:8383/" "Mozilla/5.0 (Windows NT 10.0; WOW64) AppleWebKit/537.36 (KHTML, like Gecko) Chrome/80.0.3987.87 Safari/537.36 SE 2.X MetaSr 1.0"
::ffff:127.0.0.1 - - [31/Aug/2021:06:36:05 +0000] "GET /api/edu/teacher/checkCourseIsLogScore?teacherId=23&classId=51&relationId=91 HTTP/1.1" 200 46 "http://119.3.190.1:8383/" "Mozilla/5.0 (Windows NT 10.0; WOW64) AppleWebKit/537.36 (KHTML, like Gecko) Chrome/80.0.3987.87 Safari/537.36 SE 2.X MetaSr 1.0"
::ffff:127.0.0.1 - - [31/Aug/2021:06:36:05 +0000] "GET /api/edu/files/get?module_id=53&module_name=%E8%AF%BE%E7%A8%8B&curPage=1 HTTP/1.1" 200 896 "http://119.3.190.1:8383/" "Mozilla/5.0 (Windows NT 6.1; Win64; x64) AppleWebKit/537.36 (KHTML, like Gecko) Chrome/92.0.4515.159 Safari/537.36 Edg/92.0.902.84"
::ffff:127.0.0.1 - - [31/Aug/2021:06:36:09 +0000] "GET /api/edu/files/get?module_id=44&module_name=%E8%AF%BE%E7%A8%8B&curPage=1 HTTP/1.1" 200 3367 "http://119.3.190.1:8383/" "Mozilla/5.0 (Windows NT 10.0; WOW64) AppleWebKit/537.36 (KHTML, like Gecko) Chrome/80.0.3987.87 Safari/537.36 SE 2.X MetaSr 1.0"
::ffff:127.0.0.1 - - [31/Aug/2021:06:36:09 +0000] "GET /api/edu/files/get?module_id=44&module_name=%E8%AF%BE%E7%A8%8B&curPage=2 HTTP/1.1" 200 2600 "http://119.3.190.1:8383/" "Mozilla/5.0 (Windows NT 10.0; WOW64) AppleWebKit/537.36 (KHTML, like Gecko) Chrome/80.0.3987.87 Safari/537.36 SE 2.X MetaSr 1.0"
::ffff:127.0.0.1 - - [31/Aug/2021:06:36:09 +0000] "GET /api/edu/files/get?module_id=37&module_name=%E8%AF%BE%E7%A8%8B&curPage=1 HTTP/1.1" 200 380 "http://119.3.190.1:8383/" "Mozilla/5.0 (Windows NT 10.0; WOW64) AppleWebKit/537.36 (KHTML, like Gecko) Chrome/80.0.3987.87 Safari/537.36 SE 2.X MetaSr 1.0"
::ffff:127.0.0.1 - - [31/Aug/2021:06:36:11 +0000] "GET /api/edu/files/get?module_id=44&module_name=%E8%AF%BE%E7%A8%8B&curPage=1 HTTP/1.1" 200 3367 "http://119.3.190.1:8383/" "Mozilla/5.0 (Windows NT 10.0; WOW64) AppleWebKit/537.36 (KHTML, like Gecko) Chrome/80.0.3987.87 Safari/537.36 SE 2.X MetaSr 1.0"
::ffff:127.0.0.1 - - [31/Aug/2021:06:36:11 +0000] "GET /api/edu/files/get?module_id=44&module_name=%E8%AF%BE%E7%A8%8B&curPage=2 HTTP/1.1" 200 2600 "http://119.3.190.1:8383/" "Mozilla/5.0 (Windows NT 10.0; WOW64) AppleWebKit/537.36 (KHTML, like Gecko) Chrome/80.0.3987.87 Safari/537.36 SE 2.X MetaSr 1.0"
::ffff:127.0.0.1 - - [31/Aug/2021:06:36:12 +0000] "GET /api/edu/files/get?module_id=37&module_name=%E8%AF%BE%E7%A8%8B&curPage=1 HTTP/1.1" 200 380 "http://119.3.190.1:8383/" "Mozilla/5.0 (Windows NT 10.0; WOW64) AppleWebKit/537.36 (KHTML, like Gecko) Chrome/80.0.3987.87 Safari/537.36 SE 2.X MetaSr 1.0"
::ffff:127.0.0.1 - - [31/Aug/2021:06:36:13 +0000] "GET /api/edu/files/get?module_id=44&module_name=%E8%AF%BE%E7%A8%8B&curPage=1 HTTP/1.1" 200 3367 "http://119.3.190.1:8383/" "Mozilla/5.0 (Windows NT 10.0; WOW64) AppleWebKit/537.36 (KHTML, like Gecko) Chrome/80.0.3987.87 Safari/537.36 SE 2.X MetaSr 1.0"
::ffff:127.0.0.1 - - [31/Aug/2021:06:36:13 +0000] "GET /api/edu/files/get?module_id=54&module_name=%E8%AF%BE%E7%A8%8B&curPage=1 HTTP/1.1" 200 623 "http://119.3.190.1:8383/" "Mozilla/5.0 (Windows NT 6.1; Win64; x64) AppleWebKit/537.36 (KHTML, like Gecko) Chrome/92.0.4515.159 Safari/537.36 Edg/92.0.902.84"
::ffff:127.0.0.1 - - [31/Aug/2021:06:36:13 +0000] "GET /api/edu/files/get?module_id=44&module_name=%E8%AF%BE%E7%A8%8B&curPage=2 HTTP/1.1" 200 2600 "http://119.3.190.1:8383/" "Mozilla/5.0 (Windows NT 10.0; WOW64) AppleWebKit/537.36 (KHTML, like Gecko) Chrome/80.0.3987.87 Safari/537.36 SE 2.X MetaSr 1.0"
::ffff:127.0.0.1 - - [31/Aug/2021:06:36:15 +0000] "GET /api/edu/teacher/getTeachersCourse?teacherId=23 HTTP/1.1" 200 1687 "http://119.3.190.1:8383/" "Mozilla/5.0 (Windows NT 10.0; WOW64) AppleWebKit/537.36 (KHTML, like Gecko) Chrome/80.0.3987.87 Safari/537.36 SE 2.X MetaSr 1.0"
::ffff:127.0.0.1 - - [31/Aug/2021:06:36:15 +0000] "GET /api/edu/class/get?curPage=1&viceTeacherId=23 HTTP/1.1" 200 32142 "http://119.3.190.1:8383/" "Mozilla/5.0 (Windows NT 10.0; WOW64) AppleWebKit/537.36 (KHTML, like Gecko) Chrome/80.0.3987.87 Safari/537.36 SE 2.X MetaSr 1.0"
::ffff:127.0.0.1 - - [31/Aug/2021:06:36:15 +0000] "GET /api/edu/teacher/checkCourseIsLogScore?teacherId=23&classId=23&relationId=90 HTTP/1.1" 200 45 "http://119.3.190.1:8383/" "Mozilla/5.0 (Windows NT 10.0; WOW64) AppleWebKit/537.36 (KHTML, like Gecko) Chrome/80.0.3987.87 Safari/537.36 SE 2.X MetaSr 1.0"
::ffff:127.0.0.1 - - [31/Aug/2021:06:36:15 +0000] "GET /api/edu/teacher/checkCourseIsLogScore?teacherId=23&classId=25&relationId=93 HTTP/1.1" 200 45 "http://119.3.190.1:8383/" "Mozilla/5.0 (Windows NT 10.0; WOW64) AppleWebKit/537.36 (KHTML, like Gecko) Chrome/80.0.3987.87 Safari/537.36 SE 2.X MetaSr 1.0"
::ffff:127.0.0.1 - - [31/Aug/2021:06:36:15 +0000] "GET /api/edu/teacher/checkCourseIsLogScore?teacherId=23&classId=23&relationId=91 HTTP/1.1" 200 45 "http://119.3.190.1:8383/" "Mozilla/5.0 (Windows NT 10.0; WOW64) AppleWebKit/537.36 (KHTML, like Gecko) Chrome/80.0.3987.87 Safari/537.36 SE 2.X MetaSr 1.0"
::ffff:127.0.0.1 - - [31/Aug/2021:06:36:15 +0000] "GET /api/edu/teacher/checkCourseIsLogScore?teacherId=23&classId=26&relationId=91 HTTP/1.1" 200 45 "http://119.3.190.1:8383/" "Mozilla/5.0 (Windows NT 10.0; WOW64) AppleWebKit/537.36 (KHTML, like Gecko) Chrome/80.0.3987.87 Safari/537.36 SE 2.X MetaSr 1.0"
::ffff:127.0.0.1 - - [31/Aug/2021:06:36:15 +0000] "GET /api/edu/teacher/checkCourseIsLogScore?teacherId=23&classId=26&relationId=90 HTTP/1.1" 200 45 "http://119.3.190.1:8383/" "Mozilla/5.0 (Windows NT 10.0; WOW64) AppleWebKit/537.36 (KHTML, like Gecko) Chrome/80.0.3987.87 Safari/537.36 SE 2.X MetaSr 1.0"
::ffff:127.0.0.1 - - [31/Aug/2021:06:36:15 +0000] "GET /api/edu/teacher/checkCourseIsLogScore?teacherId=23&classId=25&relationId=94 HTTP/1.1" 200 45 "http://119.3.190.1:8383/" "Mozilla/5.0 (Windows NT 10.0; WOW64) AppleWebKit/537.36 (KHTML, like Gecko) Chrome/80.0.3987.87 Safari/537.36 SE 2.X MetaSr 1.0"
::ffff:127.0.0.1 - - [31/Aug/2021:06:36:15 +0000] "GET /api/edu/teacher/checkCourseIsLogScore?teacherId=23&classId=34&relationId=90 HTTP/1.1" 200 46 "http://119.3.190.1:8383/" "Mozilla/5.0 (Windows NT 10.0; WOW64) AppleWebKit/537.36 (KHTML, like Gecko) Chrome/80.0.3987.87 Safari/537.36 SE 2.X MetaSr 1.0"
::ffff:127.0.0.1 - - [31/Aug/2021:06:36:15 +0000] "GET /api/edu/teacher/checkCourseIsLogScore?teacherId=23&classId=34&relationId=91 HTTP/1.1" 200 45 "http://119.3.190.1:8383/" "Mozilla/5.0 (Windows NT 10.0; WOW64) AppleWebKit/537.36 (KHTML, like Gecko) Chrome/80.0.3987.87 Safari/537.36 SE 2.X MetaSr 1.0"
::ffff:127.0.0.1 - - [31/Aug/2021:06:36:15 +0000] "GET /api/edu/teacher/checkCourseIsLogScore?teacherId=23&classId=42&relationId=90 HTTP/1.1" 200 46 "http://119.3.190.1:8383/" "Mozilla/5.0 (Windows NT 10.0; WOW64) AppleWebKit/537.36 (KHTML, like Gecko) Chrome/80.0.3987.87 Safari/537.36 SE 2.X MetaSr 1.0"
::ffff:127.0.0.1 - - [31/Aug/2021:06:36:15 +0000] "GET /api/edu/teacher/checkCourseIsLogScore?teacherId=23&classId=42&relationId=91 HTTP/1.1" 200 46 "http://119.3.190.1:8383/" "Mozilla/5.0 (Windows NT 10.0; WOW64) AppleWebKit/537.36 (KHTML, like Gecko) Chrome/80.0.3987.87 Safari/537.36 SE 2.X MetaSr 1.0"
::ffff:127.0.0.1 - - [31/Aug/2021:06:36:15 +0000] "GET /api/edu/teacher/checkCourseIsLogScore?teacherId=23&classId=50&relationId=93 HTTP/1.1" 200 46 "http://119.3.190.1:8383/" "Mozilla/5.0 (Windows NT 10.0; WOW64) AppleWebKit/537.36 (KHTML, like Gecko) Chrome/80.0.3987.87 Safari/537.36 SE 2.X MetaSr 1.0"
::ffff:127.0.0.1 - - [31/Aug/2021:06:36:15 +0000] "GET /api/edu/teacher/checkCourseIsLogScore?teacherId=23&classId=50&relationId=94 HTTP/1.1" 200 46 "http://119.3.190.1:8383/" "Mozilla/5.0 (Windows NT 10.0; WOW64) AppleWebKit/537.36 (KHTML, like Gecko) Chrome/80.0.3987.87 Safari/537.36 SE 2.X MetaSr 1.0"
::ffff:127.0.0.1 - - [31/Aug/2021:06:36:15 +0000] "GET /api/edu/teacher/checkCourseIsLogScore?teacherId=23&classId=51&relationId=90 HTTP/1.1" 200 46 "http://119.3.190.1:8383/" "Mozilla/5.0 (Windows NT 10.0; WOW64) AppleWebKit/537.36 (KHTML, like Gecko) Chrome/80.0.3987.87 Safari/537.36 SE 2.X MetaSr 1.0"
::ffff:127.0.0.1 - - [31/Aug/2021:06:36:15 +0000] "GET /api/edu/teacher/checkCourseIsLogScore?teacherId=23&classId=51&relationId=91 HTTP/1.1" 200 46 "http://119.3.190.1:8383/" "Mozilla/5.0 (Windows NT 10.0; WOW64) AppleWebKit/537.36 (KHTML, like Gecko) Chrome/80.0.3987.87 Safari/537.36 SE 2.X MetaSr 1.0"
::ffff:127.0.0.1 - - [31/Aug/2021:06:36:17 +0000] "GET /api/edu/files/get?module_id=44&module_name=%E8%AF%BE%E7%A8%8B&curPage=1 HTTP/1.1" 200 3367 "http://119.3.190.1:8383/" "Mozilla/5.0 (Windows NT 10.0; WOW64) AppleWebKit/537.36 (KHTML, like Gecko) Chrome/80.0.3987.87 Safari/537.36 SE 2.X MetaSr 1.0"
::ffff:127.0.0.1 - - [31/Aug/2021:06:36:17 +0000] "GET /api/edu/files/get?module_id=44&module_name=%E8%AF%BE%E7%A8%8B&curPage=2 HTTP/1.1" 200 2600 "http://119.3.190.1:8383/" "Mozilla/5.0 (Windows NT 10.0; WOW64) AppleWebKit/537.36 (KHTML, like Gecko) Chrome/80.0.3987.87 Safari/537.36 SE 2.X MetaSr 1.0"
::ffff:39.155.211.209 - - [31/Aug/2021:06:36:32 +0000] "OPTIONS /api/edu/files/upload HTTP/1.1" 200 4 "http://119.3.190.1:8383/" "Mozilla/5.0 (Windows NT 6.1; Win64; x64) AppleWebKit/537.36 (KHTML, like Gecko) Chrome/92.0.4515.159 Safari/537.36 Edg/92.0.902.84"
::ffff:39.155.211.209 - - [31/Aug/2021:06:36:32 +0000] "POST /api/edu/files/upload HTTP/1.1" 200 267 "http://119.3.190.1:8383/" "Mozilla/5.0 (Windows NT 6.1; Win64; x64) AppleWebKit/537.36 (KHTML, like Gecko) Chrome/92.0.4515.159 Safari/537.36 Edg/92.0.902.84"
::ffff:127.0.0.1 - - [31/Aug/2021:06:36:32 +0000] "GET /api/edu/files/get?module_id=54&module_name=%E8%AF%BE%E7%A8%8B&curPage=1 HTTP/1.1" 200 896 "http://119.3.190.1:8383/" "Mozilla/5.0 (Windows NT 6.1; Win64; x64) AppleWebKit/537.36 (KHTML, like Gecko) Chrome/92.0.4515.159 Safari/537.36 Edg/92.0.902.84"
::ffff:127.0.0.1 - - [31/Aug/2021:06:36:42 +0000] "GET /api/edu/files/get?module_id=54&module_name=%E8%AF%BE%E7%A8%8B&curPage=1 HTTP/1.1" 200 896 "http://119.3.190.1:8383/" "Mozilla/5.0 (Windows NT 6.1; Win64; x64) AppleWebKit/537.36 (KHTML, like Gecko) Chrome/92.0.4515.159 Safari/537.36 Edg/92.0.902.84"
::ffff:127.0.0.1 - - [31/Aug/2021:06:36:49 +0000] "GET /api/edu/files/get?module_id=55&module_name=%E8%AF%BE%E7%A8%8B&curPage=1 HTTP/1.1" 200 623 "http://119.3.190.1:8383/" "Mozilla/5.0 (Windows NT 6.1; Win64; x64) AppleWebKit/537.36 (KHTML, like Gecko) Chrome/92.0.4515.159 Safari/537.36 Edg/92.0.902.84"
::ffff:127.0.0.1 - - [31/Aug/2021:06:36:56 +0000] "GET /api/edu/files/get?module_id=44&module_name=%E8%AF%BE%E7%A8%8B&curPage=1 HTTP/1.1" 200 3367 "http://119.3.190.1:8383/" "Mozilla/5.0 (Windows NT 10.0; WOW64) AppleWebKit/537.36 (KHTML, like Gecko) Chrome/80.0.3987.87 Safari/537.36 SE 2.X MetaSr 1.0"
::ffff:127.0.0.1 - - [31/Aug/2021:06:36:56 +0000] "GET /api/edu/files/get?module_id=44&module_name=%E8%AF%BE%E7%A8%8B&curPage=2 HTTP/1.1" 200 2600 "http://119.3.190.1:8383/" "Mozilla/5.0 (Windows NT 10.0; WOW64) AppleWebKit/537.36 (KHTML, like Gecko) Chrome/80.0.3987.87 Safari/537.36 SE 2.X MetaSr 1.0"
::ffff:127.0.0.1 - - [31/Aug/2021:06:36:59 +0000] "GET /api/edu/teacher/getTeachersCourse?teacherId=23 HTTP/1.1" 200 1687 "http://119.3.190.1:8383/" "Mozilla/5.0 (Windows NT 10.0; WOW64) AppleWebKit/537.36 (KHTML, like Gecko) Chrome/80.0.3987.87 Safari/537.36 SE 2.X MetaSr 1.0"
::ffff:127.0.0.1 - - [31/Aug/2021:06:36:59 +0000] "GET /api/edu/class/get?curPage=1&viceTeacherId=23 HTTP/1.1" 200 32142 "http://119.3.190.1:8383/" "Mozilla/5.0 (Windows NT 10.0; WOW64) AppleWebKit/537.36 (KHTML, like Gecko) Chrome/80.0.3987.87 Safari/537.36 SE 2.X MetaSr 1.0"
::ffff:127.0.0.1 - - [31/Aug/2021:06:37:00 +0000] "GET /api/edu/teacher/checkCourseIsLogScore?teacherId=23&classId=23&relationId=90 HTTP/1.1" 200 45 "http://119.3.190.1:8383/" "Mozilla/5.0 (Windows NT 10.0; WOW64) AppleWebKit/537.36 (KHTML, like Gecko) Chrome/80.0.3987.87 Safari/537.36 SE 2.X MetaSr 1.0"
::ffff:127.0.0.1 - - [31/Aug/2021:06:37:00 +0000] "GET /api/edu/teacher/checkCourseIsLogScore?teacherId=23&classId=25&relationId=94 HTTP/1.1" 200 45 "http://119.3.190.1:8383/" "Mozilla/5.0 (Windows NT 10.0; WOW64) AppleWebKit/537.36 (KHTML, like Gecko) Chrome/80.0.3987.87 Safari/537.36 SE 2.X MetaSr 1.0"
::ffff:127.0.0.1 - - [31/Aug/2021:06:37:00 +0000] "GET /api/edu/teacher/checkCourseIsLogScore?teacherId=23&classId=26&relationId=90 HTTP/1.1" 200 45 "http://119.3.190.1:8383/" "Mozilla/5.0 (Windows NT 10.0; WOW64) AppleWebKit/537.36 (KHTML, like Gecko) Chrome/80.0.3987.87 Safari/537.36 SE 2.X MetaSr 1.0"
::ffff:127.0.0.1 - - [31/Aug/2021:06:37:00 +0000] "GET /api/edu/teacher/checkCourseIsLogScore?teacherId=23&classId=25&relationId=93 HTTP/1.1" 200 45 "http://119.3.190.1:8383/" "Mozilla/5.0 (Windows NT 10.0; WOW64) AppleWebKit/537.36 (KHTML, like Gecko) Chrome/80.0.3987.87 Safari/537.36 SE 2.X MetaSr 1.0"
::ffff:127.0.0.1 - - [31/Aug/2021:06:37:00 +0000] "GET /api/edu/teacher/checkCourseIsLogScore?teacherId=23&classId=23&relationId=91 HTTP/1.1" 200 45 "http://119.3.190.1:8383/" "Mozilla/5.0 (Windows NT 10.0; WOW64) AppleWebKit/537.36 (KHTML, like Gecko) Chrome/80.0.3987.87 Safari/537.36 SE 2.X MetaSr 1.0"
::ffff:127.0.0.1 - - [31/Aug/2021:06:37:00 +0000] "GET /api/edu/teacher/checkCourseIsLogScore?teacherId=23&classId=26&relationId=91 HTTP/1.1" 200 45 "http://119.3.190.1:8383/" "Mozilla/5.0 (Windows NT 10.0; WOW64) AppleWebKit/537.36 (KHTML, like Gecko) Chrome/80.0.3987.87 Safari/537.36 SE 2.X MetaSr 1.0"
::ffff:127.0.0.1 - - [31/Aug/2021:06:37:00 +0000] "GET /api/edu/teacher/checkCourseIsLogScore?teacherId=23&classId=34&relationId=90 HTTP/1.1" 200 46 "http://119.3.190.1:8383/" "Mozilla/5.0 (Windows NT 10.0; WOW64) AppleWebKit/537.36 (KHTML, like Gecko) Chrome/80.0.3987.87 Safari/537.36 SE 2.X MetaSr 1.0"
::ffff:127.0.0.1 - - [31/Aug/2021:06:37:00 +0000] "GET /api/edu/teacher/checkCourseIsLogScore?teacherId=23&classId=34&relationId=91 HTTP/1.1" 200 45 "http://119.3.190.1:8383/" "Mozilla/5.0 (Windows NT 10.0; WOW64) AppleWebKit/537.36 (KHTML, like Gecko) Chrome/80.0.3987.87 Safari/537.36 SE 2.X MetaSr 1.0"
::ffff:127.0.0.1 - - [31/Aug/2021:06:37:00 +0000] "GET /api/edu/teacher/checkCourseIsLogScore?teacherId=23&classId=42&relationId=90 HTTP/1.1" 200 46 "http://119.3.190.1:8383/" "Mozilla/5.0 (Windows NT 10.0; WOW64) AppleWebKit/537.36 (KHTML, like Gecko) Chrome/80.0.3987.87 Safari/537.36 SE 2.X MetaSr 1.0"
::ffff:127.0.0.1 - - [31/Aug/2021:06:37:00 +0000] "GET /api/edu/teacher/checkCourseIsLogScore?teacherId=23&classId=42&relationId=91 HTTP/1.1" 200 46 "http://119.3.190.1:8383/" "Mozilla/5.0 (Windows NT 10.0; WOW64) AppleWebKit/537.36 (KHTML, like Gecko) Chrome/80.0.3987.87 Safari/537.36 SE 2.X MetaSr 1.0"
::ffff:127.0.0.1 - - [31/Aug/2021:06:37:00 +0000] "GET /api/edu/teacher/checkCourseIsLogScore?teacherId=23&classId=50&relationId=93 HTTP/1.1" 200 46 "http://119.3.190.1:8383/" "Mozilla/5.0 (Windows NT 10.0; WOW64) AppleWebKit/537.36 (KHTML, like Gecko) Chrome/80.0.3987.87 Safari/537.36 SE 2.X MetaSr 1.0"
::ffff:127.0.0.1 - - [31/Aug/2021:06:37:00 +0000] "GET /api/edu/teacher/checkCourseIsLogScore?teacherId=23&classId=50&relationId=94 HTTP/1.1" 200 46 "http://119.3.190.1:8383/" "Mozilla/5.0 (Windows NT 10.0; WOW64) AppleWebKit/537.36 (KHTML, like Gecko) Chrome/80.0.3987.87 Safari/537.36 SE 2.X MetaSr 1.0"
::ffff:127.0.0.1 - - [31/Aug/2021:06:37:00 +0000] "GET /api/edu/teacher/checkCourseIsLogScore?teacherId=23&classId=51&relationId=90 HTTP/1.1" 200 46 "http://119.3.190.1:8383/" "Mozilla/5.0 (Windows NT 10.0; WOW64) AppleWebKit/537.36 (KHTML, like Gecko) Chrome/80.0.3987.87 Safari/537.36 SE 2.X MetaSr 1.0"
::ffff:127.0.0.1 - - [31/Aug/2021:06:37:00 +0000] "GET /api/edu/teacher/checkCourseIsLogScore?teacherId=23&classId=51&relationId=91 HTTP/1.1" 200 46 "http://119.3.190.1:8383/" "Mozilla/5.0 (Windows NT 10.0; WOW64) AppleWebKit/537.36 (KHTML, like Gecko) Chrome/80.0.3987.87 Safari/537.36 SE 2.X MetaSr 1.0"
::ffff:127.0.0.1 - - [31/Aug/2021:06:37:10 +0000] "GET /api/edu/files/get?module_id=55&module_name=%E8%AF%BE%E7%A8%8B&curPage=1 HTTP/1.1" 200 623 "http://119.3.190.1:8383/" "Mozilla/5.0 (Windows NT 6.1; Win64; x64) AppleWebKit/537.36 (KHTML, like Gecko) Chrome/92.0.4515.159 Safari/537.36 Edg/92.0.902.84"
::ffff:39.155.211.209 - - [31/Aug/2021:06:37:22 +0000] "OPTIONS /api/edu/files/upload HTTP/1.1" 200 4 "http://119.3.190.1:8383/" "Mozilla/5.0 (Windows NT 6.1; Win64; x64) AppleWebKit/537.36 (KHTML, like Gecko) Chrome/92.0.4515.159 Safari/537.36 Edg/92.0.902.84"
::ffff:39.155.211.209 - - [31/Aug/2021:06:37:22 +0000] "POST /api/edu/files/upload HTTP/1.1" 200 267 "http://119.3.190.1:8383/" "Mozilla/5.0 (Windows NT 6.1; Win64; x64) AppleWebKit/537.36 (KHTML, like Gecko) Chrome/92.0.4515.159 Safari/537.36 Edg/92.0.902.84"
::ffff:127.0.0.1 - - [31/Aug/2021:06:37:23 +0000] "GET /api/edu/files/get?module_id=55&module_name=%E8%AF%BE%E7%A8%8B&curPage=1 HTTP/1.1" 200 896 "http://119.3.190.1:8383/" "Mozilla/5.0 (Windows NT 6.1; Win64; x64) AppleWebKit/537.36 (KHTML, like Gecko) Chrome/92.0.4515.159 Safari/537.36 Edg/92.0.902.84"
::ffff:127.0.0.1 - - [31/Aug/2021:06:37:30 +0000] "GET /api/edu/course/get?curPage=5 HTTP/1.1" 200 3861 "http://119.3.190.1:8383/" "Mozilla/5.0 (Windows NT 6.1; Win64; x64) AppleWebKit/537.36 (KHTML, like Gecko) Chrome/92.0.4515.159 Safari/537.36 Edg/92.0.902.84"
::ffff:127.0.0.1 - - [31/Aug/2021:06:37:32 +0000] "GET /api/edu/files/get?module_id=56&module_name=%E8%AF%BE%E7%A8%8B&curPage=1 HTTP/1.1" 200 623 "http://119.3.190.1:8383/" "Mozilla/5.0 (Windows NT 6.1; Win64; x64) AppleWebKit/537.36 (KHTML, like Gecko) Chrome/92.0.4515.159 Safari/537.36 Edg/92.0.902.84"
::ffff:39.155.211.209 - - [31/Aug/2021:06:37:43 +0000] "OPTIONS /api/edu/files/upload HTTP/1.1" 200 4 "http://119.3.190.1:8383/" "Mozilla/5.0 (Windows NT 6.1; Win64; x64) AppleWebKit/537.36 (KHTML, like Gecko) Chrome/92.0.4515.159 Safari/537.36 Edg/92.0.902.84"
::ffff:39.155.211.209 - - [31/Aug/2021:06:37:43 +0000] "POST /api/edu/files/upload HTTP/1.1" 200 267 "http://119.3.190.1:8383/" "Mozilla/5.0 (Windows NT 6.1; Win64; x64) AppleWebKit/537.36 (KHTML, like Gecko) Chrome/92.0.4515.159 Safari/537.36 Edg/92.0.902.84"
::ffff:127.0.0.1 - - [31/Aug/2021:06:37:44 +0000] "GET /api/edu/files/get?module_id=56&module_name=%E8%AF%BE%E7%A8%8B&curPage=1 HTTP/1.1" 200 896 "http://119.3.190.1:8383/" "Mozilla/5.0 (Windows NT 6.1; Win64; x64) AppleWebKit/537.36 (KHTML, like Gecko) Chrome/92.0.4515.159 Safari/537.36 Edg/92.0.902.84"
::ffff:127.0.0.1 - - [31/Aug/2021:06:37:49 +0000] "GET /api/edu/files/get?module_id=60&module_name=%E8%AF%BE%E7%A8%8B&curPage=1 HTTP/1.1" 200 623 "http://119.3.190.1:8383/" "Mozilla/5.0 (Windows NT 6.1; Win64; x64) AppleWebKit/537.36 (KHTML, like Gecko) Chrome/92.0.4515.159 Safari/537.36 Edg/92.0.902.84"
::ffff:39.155.211.209 - - [31/Aug/2021:06:38:03 +0000] "OPTIONS /api/edu/files/upload HTTP/1.1" 200 4 "http://119.3.190.1:8383/" "Mozilla/5.0 (Windows NT 6.1; Win64; x64) AppleWebKit/537.36 (KHTML, like Gecko) Chrome/92.0.4515.159 Safari/537.36 Edg/92.0.902.84"
::ffff:39.155.211.209 - - [31/Aug/2021:06:38:03 +0000] "POST /api/edu/files/upload HTTP/1.1" 200 267 "http://119.3.190.1:8383/" "Mozilla/5.0 (Windows NT 6.1; Win64; x64) AppleWebKit/537.36 (KHTML, like Gecko) Chrome/92.0.4515.159 Safari/537.36 Edg/92.0.902.84"
::ffff:127.0.0.1 - - [31/Aug/2021:06:38:03 +0000] "GET /api/edu/files/get?module_id=60&module_name=%E8%AF%BE%E7%A8%8B&curPage=1 HTTP/1.1" 200 896 "http://119.3.190.1:8383/" "Mozilla/5.0 (Windows NT 6.1; Win64; x64) AppleWebKit/537.36 (KHTML, like Gecko) Chrome/92.0.4515.159 Safari/537.36 Edg/92.0.902.84"
::ffff:127.0.0.1 - - [31/Aug/2021:06:38:14 +0000] "GET /api/edu/files/get?module_id=60&module_name=%E8%AF%BE%E7%A8%8B&curPage=1 HTTP/1.1" 200 896 "http://119.3.190.1:8383/" "Mozilla/5.0 (Windows NT 6.1; Win64; x64) AppleWebKit/537.36 (KHTML, like Gecko) Chrome/92.0.4515.159 Safari/537.36 Edg/92.0.902.84"
::ffff:127.0.0.1 - - [31/Aug/2021:06:38:22 +0000] "GET /api/edu/organization/get?curPage=1 HTTP/1.1" 200 4389 "http://119.3.190.1:8383/" "Mozilla/5.0 (Windows NT 6.1; Win64; x64) AppleWebKit/537.36 (KHTML, like Gecko) Chrome/92.0.4515.159 Safari/537.36 Edg/92.0.902.84"
::ffff:127.0.0.1 - - [31/Aug/2021:06:40:13 +0000] "POST /api/edu/organization/new HTTP/1.1" 200 39 "http://119.3.190.1:8383/" "Mozilla/5.0 (Windows NT 6.1; Win64; x64) AppleWebKit/537.36 (KHTML, like Gecko) Chrome/92.0.4515.159 Safari/537.36 Edg/92.0.902.84"
::ffff:127.0.0.1 - - [31/Aug/2021:06:40:13 +0000] "GET /api/edu/organization/get?curPage=2 HTTP/1.1" 200 4752 "http://119.3.190.1:8383/" "Mozilla/5.0 (Windows NT 6.1; Win64; x64) AppleWebKit/537.36 (KHTML, like Gecko) Chrome/92.0.4515.159 Safari/537.36 Edg/92.0.902.84"
::ffff:127.0.0.1 - - [31/Aug/2021:06:40:16 +0000] "GET /api/edu/teacher/getTeachersCourse?teacherId=23 HTTP/1.1" 200 1687 "http://119.3.190.1:8383/" "Mozilla/5.0 (Windows NT 10.0; WOW64) AppleWebKit/537.36 (KHTML, like Gecko) Chrome/80.0.3987.87 Safari/537.36 SE 2.X MetaSr 1.0"
::ffff:127.0.0.1 - - [31/Aug/2021:06:40:16 +0000] "GET /api/edu/class/get?curPage=1&viceTeacherId=23 HTTP/1.1" 200 32142 "http://119.3.190.1:8383/" "Mozilla/5.0 (Windows NT 10.0; WOW64) AppleWebKit/537.36 (KHTML, like Gecko) Chrome/80.0.3987.87 Safari/537.36 SE 2.X MetaSr 1.0"
::ffff:127.0.0.1 - - [31/Aug/2021:06:40:16 +0000] "GET /api/edu/teacher/checkCourseIsLogScore?teacherId=23&classId=23&relationId=90 HTTP/1.1" 200 45 "http://119.3.190.1:8383/" "Mozilla/5.0 (Windows NT 10.0; WOW64) AppleWebKit/537.36 (KHTML, like Gecko) Chrome/80.0.3987.87 Safari/537.36 SE 2.X MetaSr 1.0"
::ffff:127.0.0.1 - - [31/Aug/2021:06:40:17 +0000] "GET /api/edu/teacher/checkCourseIsLogScore?teacherId=23&classId=23&relationId=91 HTTP/1.1" 200 45 "http://119.3.190.1:8383/" "Mozilla/5.0 (Windows NT 10.0; WOW64) AppleWebKit/537.36 (KHTML, like Gecko) Chrome/80.0.3987.87 Safari/537.36 SE 2.X MetaSr 1.0"
::ffff:127.0.0.1 - - [31/Aug/2021:06:40:17 +0000] "GET /api/edu/teacher/checkCourseIsLogScore?teacherId=23&classId=25&relationId=93 HTTP/1.1" 200 45 "http://119.3.190.1:8383/" "Mozilla/5.0 (Windows NT 10.0; WOW64) AppleWebKit/537.36 (KHTML, like Gecko) Chrome/80.0.3987.87 Safari/537.36 SE 2.X MetaSr 1.0"
::ffff:127.0.0.1 - - [31/Aug/2021:06:40:17 +0000] "GET /api/edu/teacher/checkCourseIsLogScore?teacherId=23&classId=26&relationId=91 HTTP/1.1" 200 45 "http://119.3.190.1:8383/" "Mozilla/5.0 (Windows NT 10.0; WOW64) AppleWebKit/537.36 (KHTML, like Gecko) Chrome/80.0.3987.87 Safari/537.36 SE 2.X MetaSr 1.0"
::ffff:127.0.0.1 - - [31/Aug/2021:06:40:17 +0000] "GET /api/edu/teacher/checkCourseIsLogScore?teacherId=23&classId=25&relationId=94 HTTP/1.1" 200 45 "http://119.3.190.1:8383/" "Mozilla/5.0 (Windows NT 10.0; WOW64) AppleWebKit/537.36 (KHTML, like Gecko) Chrome/80.0.3987.87 Safari/537.36 SE 2.X MetaSr 1.0"
::ffff:127.0.0.1 - - [31/Aug/2021:06:40:17 +0000] "GET /api/edu/teacher/checkCourseIsLogScore?teacherId=23&classId=26&relationId=90 HTTP/1.1" 200 45 "http://119.3.190.1:8383/" "Mozilla/5.0 (Windows NT 10.0; WOW64) AppleWebKit/537.36 (KHTML, like Gecko) Chrome/80.0.3987.87 Safari/537.36 SE 2.X MetaSr 1.0"
::ffff:127.0.0.1 - - [31/Aug/2021:06:40:17 +0000] "GET /api/edu/teacher/checkCourseIsLogScore?teacherId=23&classId=34&relationId=90 HTTP/1.1" 200 46 "http://119.3.190.1:8383/" "Mozilla/5.0 (Windows NT 10.0; WOW64) AppleWebKit/537.36 (KHTML, like Gecko) Chrome/80.0.3987.87 Safari/537.36 SE 2.X MetaSr 1.0"
::ffff:127.0.0.1 - - [31/Aug/2021:06:40:17 +0000] "GET /api/edu/teacher/checkCourseIsLogScore?teacherId=23&classId=34&relationId=91 HTTP/1.1" 200 45 "http://119.3.190.1:8383/" "Mozilla/5.0 (Windows NT 10.0; WOW64) AppleWebKit/537.36 (KHTML, like Gecko) Chrome/80.0.3987.87 Safari/537.36 SE 2.X MetaSr 1.0"
::ffff:127.0.0.1 - - [31/Aug/2021:06:40:17 +0000] "GET /api/edu/teacher/checkCourseIsLogScore?teacherId=23&classId=42&relationId=90 HTTP/1.1" 200 46 "http://119.3.190.1:8383/" "Mozilla/5.0 (Windows NT 10.0; WOW64) AppleWebKit/537.36 (KHTML, like Gecko) Chrome/80.0.3987.87 Safari/537.36 SE 2.X MetaSr 1.0"
::ffff:127.0.0.1 - - [31/Aug/2021:06:40:17 +0000] "GET /api/edu/teacher/checkCourseIsLogScore?teacherId=23&classId=42&relationId=91 HTTP/1.1" 200 46 "http://119.3.190.1:8383/" "Mozilla/5.0 (Windows NT 10.0; WOW64) AppleWebKit/537.36 (KHTML, like Gecko) Chrome/80.0.3987.87 Safari/537.36 SE 2.X MetaSr 1.0"
::ffff:127.0.0.1 - - [31/Aug/2021:06:40:17 +0000] "GET /api/edu/teacher/checkCourseIsLogScore?teacherId=23&classId=50&relationId=93 HTTP/1.1" 200 46 "http://119.3.190.1:8383/" "Mozilla/5.0 (Windows NT 10.0; WOW64) AppleWebKit/537.36 (KHTML, like Gecko) Chrome/80.0.3987.87 Safari/537.36 SE 2.X MetaSr 1.0"
::ffff:127.0.0.1 - - [31/Aug/2021:06:40:17 +0000] "GET /api/edu/teacher/checkCourseIsLogScore?teacherId=23&classId=50&relationId=94 HTTP/1.1" 200 46 "http://119.3.190.1:8383/" "Mozilla/5.0 (Windows NT 10.0; WOW64) AppleWebKit/537.36 (KHTML, like Gecko) Chrome/80.0.3987.87 Safari/537.36 SE 2.X MetaSr 1.0"
::ffff:127.0.0.1 - - [31/Aug/2021:06:40:17 +0000] "GET /api/edu/teacher/checkCourseIsLogScore?teacherId=23&classId=51&relationId=90 HTTP/1.1" 200 46 "http://119.3.190.1:8383/" "Mozilla/5.0 (Windows NT 10.0; WOW64) AppleWebKit/537.36 (KHTML, like Gecko) Chrome/80.0.3987.87 Safari/537.36 SE 2.X MetaSr 1.0"
::ffff:127.0.0.1 - - [31/Aug/2021:06:40:17 +0000] "GET /api/edu/teacher/checkCourseIsLogScore?teacherId=23&classId=51&relationId=91 HTTP/1.1" 200 46 "http://119.3.190.1:8383/" "Mozilla/5.0 (Windows NT 10.0; WOW64) AppleWebKit/537.36 (KHTML, like Gecko) Chrome/80.0.3987.87 Safari/537.36 SE 2.X MetaSr 1.0"
